1	마음 치유 건강 심리 상처 문제 갈등 몸 위로 사이 
2	수필 문학 비평 작가 편집 정신 의미 삶 멘토 창간 
3	역사 문명 한민족 수메르 인류 수메르 최초 작가 학자 기록 
4	딸 이야기 집 사람 아버지 시대 섹스 인간 결혼 작가 
5	동화 이야기 그림 민담 페로 왕자 어린이 공주 프랑스 집 
6	터 폴 삶 우연 독자 뉴욕 브루클린 이야기 주제 작가 
7	토지 박경리 해방 작가 삶 혁명 동안 세기 한국 인물 
8	관능 수상 대상 문고 도모 문학 진실 상 교보 구사 
9	도시 라오스 견인 지구 사람 자연 거대 전쟁 작가 연대 
10	생각 사람 이야기 나무 하나 가을 산 겨울 시간 마음 
11	이야기 상상 자유 여행 의미 음악 다양 얼굴 하나 스토리 
12	한국 학교 교과 문학 제주 과정 중고등 집 중학 단편 
13	만남 음악 사람 길 마음 꿈 편지 문학 고민 감성 
14	마음 하나님 하늘 바람 삶 소리 시집 눈 감사 말씀 
15	출간 개정 연재 부분 시대 왜란 전쟁 지구 임진 서 
16	바닥 밑 죄수 운명 사기 폭행 강간 매춘 범죄 죄 
18	저택 곰 악의 성 안 드라큘라 호러 백작 재벌 죽음 
17	삼촌 얼굴 단어 해 경계 탈 태도 사물 지갑 옥 
20	셜록 홈즈 추리 제작 독자 완역본 도일 코난 드라마 특유 
19	마일즈 신라 시대 백제 고려 당 백성 왕 이름 흑치상지 
22	이유 사람 섹스 주인공 자유 문익점 은 남 문제 감 
21	수상 상 문학 작가 북 최고 선정 출간 올해 대상 
24	엄마 딸 시간 여행 역 사막 바다 바보 이야기 소녀 
23	아내 남편 노예 드라마 돈 성공 가난 갈등 의 수술 
26	장애 소리 세상 시선 시각 복지 만장 좀비 사회 파란 
25	운동 병 포기 독립 주인 세상 운영 품 물건 사람 
28	발표 단편 농촌 주인 김유정 아내 사감 그린 조선 순이 
27	가족 엄마 딸 아빠 이야기 친구 집 아이 관계 하루 
30	나무 선수 친구 패션 대회 따뜻 교육 스페셜 길이 수필 
29	춘심 한글 살 동생 세종 창제 집 이름 수지 대사 
32	문학 한국 작가 발표 가운데 최초 근대 해설 민족 연재 
31	사랑 이야기 기억 집 사람 독자 순간 삶 세상 다음 
35	연애 고민 커플 문제 생각 솔로 상담 경험 하루 결혼 
36	인생 청춘 시간 시대 삶 꿈 소중 작가 사람 필요 
33	일본 카 김영하 이사 지배 사신 섬 친구 테이 조세핀 
34	사랑 연재 신문 보부상 객주 출간 서울 파란 만장 삶 
39	곳 금 대구 꿈 김유정 심리 장소 소재 조선희 거울 
40	여성 제인 삶 편견 결혼 주인공 사회 오만 주체 열정 
37	독일 몽골 유럽 아일랜드 세계 헝가리 유대 서점 나라 나치 
38	이야기 사람 하늘 세상 운명 이치 순진 바보 불우 처지 
43	전우치 이야기 역사 뱀파이어 줌 공간 인물 탐관오리 실재 진사 
44	사랑 이야기 혼 바리 인물 매일 자연 매혹 손자 성장 
41	인물 이야기 삶 인간 고원 승부 개마 배경 역사 작가 
42	리스 친구 집 장 줄 글씨 엽서 저녁 쇼핑 유리 
47	삶 영혼 미국 이야기 최면 갈등 와인 사이 마이클 연구 
48	전쟁 편지 사건 배경 삶 아멜리 문장 인간 상황 청년 
45	인생 이야기 삶 마음 사람 세상 법 지혜 스님 준비 
46	피터 밀레니엄 팬 천재 세계 사회 이야기 인물 죄 삶 
52	시절 감동 형식 세대 단계 성장 문장 장편 들 전작 
51	학교 아이 청소년 학생 시절 소녀 성장 공부 친구 고등 
50	사랑 여성 여인 동성 홀 그린 래드클리프 고독 예언 소수 
49	산문 집 출간 동시 발표 경우 사실 소재 바다 교육 
56	이야기 중국 나라 사람 고전 문화 일본 괴기 역사 기담 
55	왕자 비행 인물 아가씨 생텍쥐페리 등장 초반 허생전 여우 허생 
54	작가 문학 최인호 계절 마지막 인생 연재 향 단편 라일락 
53	생활 경험 생각 명상 이야기 체험 공부 일상 집 달 
60	사회 문제 인간 자유 문화 존재 생각 사상 제시 현실 
59	정글 늑대 주인공 모습 카 비밀 마을 명문 위 평화 
58	결혼 친구 부부 유 생활 사람 디트 진화 이혼 생각 
57	작가 문학 수상 장편 문학 한국 등단 출간 집 상 
64	홈즈 셜록 전집 단편 출판 열 사건 발간 영문 안내 
63	톨스토이 단편 남편 러시아 발표 술 서방 후 사회 이기 
62	동화 어른 아이 그림 어머니 이야기 삶 노년 존재 신부 
61	로맨스 사랑 크로스 파이어 출간 베스트 최고 셀러 판매 영국 
69	베르베르 이야기 프랑스 탐닉 음식 세계 인간 즐거움 차 맛 
70	살인 제임스 본드 죽음 비밀 유일 눈송이 아버지 한국 강 
71	왕 황제 권력 역사 책사 영락 나라 선덕 세상 끝 
72	문학 스님 추리 프랑스 문학 상 베르 카미유 호벤 유럽 
65	사랑 꽃 드라마 독자 셀러 행복 순수 머리 마음 전문 
66	로맨스 욕망 동안 운명 정사 주인공 고전 비밀 제목 전개 
67	셜록 홈즈 추리 행시 코난 문화 탄생 개정 나라 콘텐츠 
68	집 기억 길 수필 마음 동안 구두 머리 자기 꽃 
77	박완서 작가 한국 문학 사회 원고 의미 기획 어머니 출간 
78	작가 김동인 신문 잡지 예술 기자 일보 경지 문학 순수 
79	사건 종교 과정 신앙 정의 신 사회 의미 법 정약용 
80	사람 전화 세계 미 천국 앞 목소리 대화 한국 작가 
73	사변 학생 이야기 정권 해방 나라 군 귀신 소로 사람 
74	역사 이름 신 감동 오늘 숨 자전 노르망디 재미 곳 
75	사건 살인 작가 추리 스릴러 등장 미스터리 전개 이야기 형사 
76	세계 단테 기업 삶 회사 신곡 디자인 고전 디자이너 지옥 
86	영화 감독 도시 배우 시나리오 각색 주연 각본 완벽 개봉 
85	다이아몬드 낙서 본드 짐 일본 아오이 특집 신라 청춘 등급 
88	영화 이야기 출간 제작 원작 감독 드라마 세계 의 감동 
87	사람 꿈 공간 현실 환상 유머 이상 공포 작가 주인공 
82	테메레르 나폴레옹 전쟁 용 영국 로렌스 판타지 바둑 비행 군 
81	독자 죽음 독일 작가 출간 노이하우스 넬레 백설 베스트 미스터리 
84	채만식 풍자 주인공 서울 교육 선생 동기 언어 천하 단편 
83	역사 시대 세상 문화 존재 드라마 세대 문학 조선 문 
94	코 일본 무사 모토 역사 이야기 평생 전투 부가 왕 
93	홈즈 연구 셜록 사건 주홍 바스 색 계곡 홈즈 커빌 
96	유교 사상 공자 동양 제자 시대 공자 문화 길 퇴계 
95	사랑 드라마 슈퍼 설계 코믹 우주 상 불멸 지구 점심 
90	시 시인 문학 시집 노래 산문 이후 세계 활동 삶 
89	사랑 이야기 하나 마음 시대 순수 생각 중심 모험 믿음 
92	마을 할아버지 고향 집 본격 서울 사람 남 졸라 탄 
91	교수 대학교 방송 활동 서울 대학 패션 분야 다양 인터뷰 
103	작가 프랑스 문학 가리 이상 출간 독자 최고 세계 미국 
104	욕망 체호프 충격 현대 서로 세상 단편 아이 소재 섹스 
101	단편 손 방 여인 아내 눈 뒤 치마 문 발견 
102	작가 세계 상상 독자 장편 이번 신작 출간 특유 유머 
99	힘 주인공 고독 운명 극복 문체 신 편의 소송 하드 
100	사건 살인 수사 범죄 후 살해 게이 수도 사람 히가시노 
97	사랑 삶 작가 소녀 주인공 관계 이자 감성 행복 감정 
98	아프리카 여행 도시 대한민국 집 고향 단편 경험 편의 영감 
111	음악 예술 노래 작곡 한국 돈키호테 가사 지식 평론 작가 
112	여행 사진 길 이야기 유럽 기록 시간 사람 풍경 도시 
109	이중섭 회사 화가 작가 천재 인간 난설헌 하느님 혼 천사 
110	헤세 헤르만 구도 선집 성장 예술 과정 방황 자아 싯다르타 
107	시 선생 창작 생활 시인 세계 일보 활동 발표 문단 
108	과학 우주 베른 세계 지구 모험 태평양 미국 달 인류 
105	이성 영미 꿈 줄리 코엘 땅 린다 아내 허브 파울 
106	이순신 역사 밤 영웅 기록 장군 백성 시대 조선 나라 
120	조선 역사 왕조 만남 정치 기록 문화 논술 실록 키워드 
119	이야기 인물 등장 사건 주인공 서사 진실 인간 장편 형식 
118	미국 제임스 편지 조이스 공장 피츠제럴드 개츠비 피츠제럴드 스콧 챈들러 
117	이별 그리움 감정 장면 애틋 상처 연애 방식 아픔 법 
116	꽃 시간 길 시 마음 빛 풍경 별 색 몸 
115	나라 역사 사람 조선 세상 이야기 시대 땅 정치 하늘 
114	커피 토끼 아래 간 나무 바깥 걸음 마술 취향 의식 
113	사랑 이야기 아픔 사람 마음 상처 세상 가슴 감정 남녀 
128	신화 수록 금오 단편 집 조선 뜻 주인공 선비 최초 
127	인간 사회 일본 삶 기술 배경 생명 꿈 영원 화 
126	과거 여성 미래 현재 이야기 문제 작가 상처 가정 사이 
125	소녀 천사 크레스 인공 발랄 톤도 은진 기적 드라마 추락 
124	선수 미국 니체 승부 정신 병원 세상 뉴욕 분석 미싱 
123	문학 문학 동네 한국 전집 세계 작가 독자 만나 특집 
122	번역 단편 소개 여성 전자 추리 데스 신라 황금 출판 
121	고양이 중앙 장편 이야기 심사 수상 사냥 위원 문학 토익 
138	한국 작가 박완서 억압 기획 문학 어른 뒤 시대 미신 
137	인간 삶 작가 이야기 의식 체험 청년 러시아 평가 고뇌 
140	파리 프랑스 도시 부인 예술 역사 위대 작가 밥상 혁명 
139	삶 사람 이야기 행복 마음 일상 생각 세상 인생 따뜻 
142	시 시인 시집 한국 명시선 아름다움 역사 가슴 얼 노래 
141	조선 후 동맹 공산 운동 발표 활동 이후 대학 인민 
144	현실 문학 현진건 사회 작가 지식 민족 식민 당대 개인 
143	민중 농민 삶 전라도 전봉준 전쟁 갑오 장군 녹두 분노 
130	사람 눈 집 길 얼굴 바람 오늘 단편 거리 생각 
129	시대 일제 저항 추리 작가 식민 일본 걸작 지식 현실 
132	삶 죽음 현실 인간 고통 사람 주인공 이야기 희망 모습 
131	신화 신 그리스 꽃 세상 서양 루나 크로니클 영웅 세계 
134	섬 해리 사표 스노우 여행 노르웨이 그릇 배 호주 바다 
133	조선 부엉이 한문 후기 작자 고전 옹고집 양반 판소리 미상 
136	하나 환 생일 앞 미문 욕 머리 꿈 전대 상대 
135	작가 가족 연재 이야기 사진 인기 출간 이웃 살 세상 
153	소녀 마을 마농 사건 여름 살해 살인 연쇄 수사 외모 
154	셀러 베스트 편지 고흐 출간 세계 독일 판매 반 부 
155	골목 주인 서울 개 개발 칩 분녀 국민 애견 체제 
156	아버지 아들 어머니 부모 자식 뒤 가족 편지 동생 친구 
157	청년 마음 영혼 사고 순수 시인 세계 시 이웃 예술 
158	마을 사람 세계 영국 정보 시골 유엔 지구 회장 지역 
159	시대 일제 이광수 강점 문학 개척 역사 조선 표현 수록 
160	대통령 과거 소년 그룹 회장 폭력 사건 기업 팀 수학 
145	셜록 홈즈 매혹 추리 전집 사건 명탐정 합리 우아 가격 
146	존 사업 대한민국 콩쥐 고종 황제 밤 전반 신문 도서관 
147	인간 동물 이야기 자연 개 잭 사람 이웃 상상 문명 
148	번역 클래식 펭귄 문학 영국 세계 셰익스피어 수록 비극 판본 
149	전쟁 미국 세계 기사 가운데 황후 기지 평화 국가 지리산 
150	문제 사람 삶 묘사 특징 인간 지하 가난 민중 사회 
151	역사 일본 중국 한국 나라 과정 이야기 군 한반도 전쟁 
152	단편 문학 작가 세계 미국 상 소개 헨리 수상 노벨 
172	소년 성장 팀 감동 살 보 상처 인생 보이 치유 
171	의사 이야기 환자 죽음 병원 삶 밥 응급 그리움 희망 
170	힘 형 할머니 흥 흥부 리트 마르그 프랑세즈 황제 아카데미 
169	사람 인도 국민 지도 투쟁 자살 생활 네루 동안 생각 
176	시인 시집 시 수록 문학 한국 시편 시조 꽃 집 
175	시 시인 시집 언어 세계 자연 삶 서정 감각 사물 
174	시간 아내 물 문 이동 주인공 불 공간 그림 욕망 
173	오드 토머스 죽음 예언 사건 이야기 능력 마을 미스터리 알 
164	사람 애 섬 인생 기획 생명 방 부동산 중심 가운데 
163	정보 열정 인터넷 구체 논리 부족 까칠 작가 미키 기요 
162	인간 기행 수필 고기 바다 의식 헤밍웨이 노인 세상 해학 
161	한국 현대 삶 시대 변경 모습 사회 상상 배경 사건 
168	세계 문학 클래식 고전 컬렉션 시대 가치 출간 번역 이집트 
167	직장 사이 길 위기 기자 대학 책임 회사 상황 운동 
166	인간 묘사 세계 사회 모습 풍자 본성 욕망 내면 비판 
165	인생 길 힘 세상 나이 평생 지혜 하나 이름 지금 
187	대학 블로그 작가 기자 군산 에피소드 인기 우울 식당 시절 
188	이야기 현재 잡지 공론 반도 상자 라면 사장 구슬 동화 
185	인물 주인공 등장 작가 모습 비 남상 키 환경 과정 
186	사회 독자 감정 전쟁 정신 가능 독일 마지막 사고 세계 
191	조선 왕 왕조 조국 여인 나라 청 당시 침략 세자 
192	꿈 리스트 세계 강 도전 사람 버킷 영국 중 시절 
189	사랑 도깨비 판타지 설화 연금 영혼 비형 탄생 대장 불 
190	삼국지 김동리 작가 문장 한국 문체 영웅 유려 중세 사건 
179	베트남 전쟁 사람 한국 얘기 여인 흙 가정 참전 고향 
180	고전 모험 마크 명작 나라 세계 트웨인 문학 감동 오즈 
177	극 영화 인간 사회 연극 욕망 이야기 대중 소재 은 
178	단편 바다 소개 잡초 안개 세계 문호 엄선 고전 판타스틱 
183	번역 문학 릴케 우리말 언어 백석 세계 주름 세밀 교수 
184	선생 백석 독일 상 미스터리 네팔 최고 티베트 작가 교사 
181	홈즈 셜록 세계 탐정 주석 단편 삽화 이야기 도일 코난 
182	문학 한국 작가 수록 소개 활동 주제 전집 위대 현재 
198	야구 경기 라임 링컨 선수 이야기 스포츠 학자 늑대 염소 
197	자녀 땅 거리 그림 할머니 길 극복 미술 하나 형식 
200	문학 단편 작가 이효석 발표 세계 자연 서정 수록 경향 
199	괴담 공포 집 일본 이야기 기묘 밤 다이치 입 세상 
194	시집 감사 폭풍 히스 지원 언덕 벗 클리프 원장 브론테 
193	돈 사회 밀 프랑스 이야기 추기 배경 마을 사이 이탈리아 
196	정치 페스트 혁명 정부 사회 도시 카뮈 종말 지구 황 
195	기술 영화 기 출연 적정 관리 이모 이의 물 단순 
